
PROGRAM "Z:\ctrlcam\V1\bin\pedebug.abs"

*********************************************************************************************
TARGET SECTION
---------------------------------------------------------------------------------------------
Processor   : Motorola HC08
Memory Model: SMALL
File Format : ELF\Dwarf 2.0
Linker      : SmartLinker V-5.0.19, Apr  2 2002

*********************************************************************************************
FILE SECTION
---------------------------------------------------------------------------------------------
CTYPE.C.o (ansi.lib)                    Model: SMALL,         Lang: ANSI-C
RTSHC08.C.o (ansi.lib)                  Model: SMALL,         Lang: ANSI-C
STDLIB.C.o (ansi.lib)                   Model: SMALL,         Lang: ANSI-C
cpu.c.o                                 Model: SMALL,         Lang: ANSI-C
io_map.c.o                              Model: SMALL,         Lang: ANSI-C
events.c.o                              Model: SMALL,         Lang: ANSI-C
ctrlcam.c.o                             Model: SMALL,         Lang: ANSI-C
vectors.c.o                             Model: SMALL,         Lang: ANSI-C
start08.c.o                             Model: SMALL,         Lang: ANSI-C
led_val.c.o                             Model: SMALL,         Lang: ANSI-C
serie.c.o                               Model: SMALL,         Lang: ANSI-C
timer.c.o                               Model: SMALL,         Lang: ANSI-C
teclado.c.o                             Model: SMALL,         Lang: ANSI-C
seleccion.c.o                           Model: SMALL,         Lang: ANSI-C

*********************************************************************************************
STARTUP SECTION
---------------------------------------------------------------------------------------------
Entry point : 0x808C (_Startup)
_startupData is allocated at 0x80A9 and uses 9 Bytes
extern struct _tagStartup {
  unsigned flags          0
  _PFunc   main           0x8960    (main)
  unsigned nofZeroOut     1
  _Range   pZeroOut       0x60     62
  _Copy    *toCopyDownBeg 0x9037
} _startupData;

*********************************************************************************************
SECTION-ALLOCATION SECTION
Section Name                    Size  Type     From       To       Segment
---------------------------------------------------------------------------------------------
.text                           3949     R     0x80BA     0x9026   ROM
.rodata                           16     R     0x9027     0x9036   ROM
.abs_section_3e                    1   N/I       0x3E       0x3E   .absSeg0
.abs_section_3d                    1   N/I       0x3D       0x3D   .absSeg1
.abs_section_3c                    1   N/I       0x3C       0x3C   .absSeg2
.abs_section_fe09                  1   N/I     0xFE09     0xFE09   .absSeg3
.abs_section_fe0d                  1   N/I     0xFE0D     0xFE0D   .absSeg4
.abs_section_fe0b                  1   N/I     0xFE0B     0xFE0B   .absSeg5
.abs_section_1f                    1   N/I       0x1F       0x1F   .absSeg6
.abs_section_1e                    1   N/I       0x1E       0x1E   .absSeg7
.abs_section_1000ffff              1   N/I 0x1000FFFF 0x1000FFFF   .absSeg8
.abs_section_4                     1   N/I        0x4        0x4   .absSeg9
.abs_section_5                     1   N/I        0x5        0x5   .absSeg10
.abs_section_6                     1   N/I        0x6        0x6   .absSeg11
.abs_section_7                     1   N/I        0x7        0x7   .absSeg12
.abs_section_c                     1   N/I        0xC        0xC   .absSeg13
.abs_section_ff7e                  1   N/I     0xFF7E     0xFF7E   .absSeg14
.abs_section_fe08                  1   N/I     0xFE08     0xFE08   .absSeg15
.abs_section_fe04                  1   N/I     0xFE04     0xFE04   .absSeg16
.abs_section_fe05                  1   N/I     0xFE05     0xFE05   .absSeg17
.abs_section_fe06                  1   N/I     0xFE06     0xFE06   .absSeg18
.abs_section_1b                    1   N/I       0x1B       0x1B   .absSeg19
.abs_section_1a                    1   N/I       0x1A       0x1A   .absSeg20
.abs_section_1d                    1   N/I       0x1D       0x1D   .absSeg21
.abs_section_fe0c                  2   N/I     0xFE0C     0xFE0D   .absSeg73
.abs_section_37                    1   N/I       0x37       0x37   .absSeg23
.abs_section_36                    1   N/I       0x36       0x36   .absSeg24
.abs_section_3b                    1   N/I       0x3B       0x3B   .absSeg25
.abs_section_3a                    1   N/I       0x3A       0x3A   .absSeg26
.abs_section_38                    2   N/I       0x38       0x39   .absSeg74
.abs_section_39                    1   N/I       0x39       0x39   .absSeg28
.abs_section_0                     1   N/I        0x0        0x0   .absSeg29
.abs_section_d                     1   N/I        0xD        0xD   .absSeg30
.abs_section_1                     1   N/I        0x1        0x1   .absSeg31
.abs_section_2                     1   N/I        0x2        0x2   .absSeg32
.abs_section_e                     1   N/I        0xE        0xE   .absSeg33
.abs_section_3                     1   N/I        0x3        0x3   .absSeg34
.abs_section_f                     1   N/I        0xF        0xF   .absSeg35
.abs_section_8                     1   N/I        0x8        0x8   .absSeg36
.abs_section_fe03                  1   N/I     0xFE03     0xFE03   .absSeg37
.abs_section_fe00                  1   N/I     0xFE00     0xFE00   .absSeg38
.abs_section_19                    1   N/I       0x19       0x19   .absSeg39
.abs_section_13                    1   N/I       0x13       0x13   .absSeg40
.abs_section_14                    1   N/I       0x14       0x14   .absSeg41
.abs_section_15                    1   N/I       0x15       0x15   .absSeg42
.abs_section_18                    1   N/I       0x18       0x18   .absSeg43
.abs_section_16                    1   N/I       0x16       0x16   .absSeg44
.abs_section_17                    1   N/I       0x17       0x17   .absSeg45
.abs_section_10                    1   N/I       0x10       0x10   .absSeg46
.abs_section_12                    1   N/I       0x12       0x12   .absSeg47
.abs_section_11                    1   N/I       0x11       0x11   .absSeg48
.abs_section_fe01                  1   N/I     0xFE01     0xFE01   .absSeg49
.abs_section_21                    2   N/I       0x21       0x22   .absSeg75
.abs_section_22                    1   N/I       0x22       0x22   .absSeg51
.abs_section_26                    2   N/I       0x26       0x27   .absSeg76
.abs_section_27                    1   N/I       0x27       0x27   .absSeg53
.abs_section_29                    2   N/I       0x29       0x2A   .absSeg77
.abs_section_2a                    1   N/I       0x2A       0x2A   .absSeg55
.abs_section_23                    2   N/I       0x23       0x24   .absSeg78
.abs_section_24                    1   N/I       0x24       0x24   .absSeg57
.abs_section_20                    1   N/I       0x20       0x20   .absSeg58
.abs_section_25                    1   N/I       0x25       0x25   .absSeg59
.abs_section_28                    1   N/I       0x28       0x28   .absSeg60
.abs_section_2c                    2   N/I       0x2C       0x2D   .absSeg79
.abs_section_2d                    1   N/I       0x2D       0x2D   .absSeg62
.abs_section_31                    2   N/I       0x31       0x32   .absSeg80
.abs_section_32                    1   N/I       0x32       0x32   .absSeg64
.abs_section_34                    2   N/I       0x34       0x35   .absSeg81
.abs_section_35                    1   N/I       0x35       0x35   .absSeg66
.abs_section_2e                    2   N/I       0x2E       0x2F   .absSeg82
.abs_section_2f                    1   N/I       0x2F       0x2F   .absSeg68
.abs_section_2b                    1   N/I       0x2B       0x2B   .absSeg69
.abs_section_30                    1   N/I       0x30       0x30   .absSeg70
.abs_section_33                    1   N/I       0x33       0x33   .absSeg71
.abs_section_1c                    1   N/I       0x1C       0x1C   .absSeg72
.abs_section_ffdc                 36     R     0xFFDC     0xFFFF   .absSeg83
.bss                              42   R/W       0x60       0x89   RAM
.startData                        17     R     0x80A9     0x80B9   ROM
.init                            169     R     0x8000     0x80A8   ROM
.common                           20   R/W       0x8A       0x9D   RAM
.stack                           256   R/W       0x9E      0x19D   RAM
.copy                              2     R     0x9037     0x9038   ROM


ROM size:     105D (dec:     4189)
RAM size:      191 (dec:      401)

*********************************************************************************************
VECTOR-ALLOCATION SECTION
    Address     InitValue   InitFunction
---------------------------------------------------------------------------------------------

*********************************************************************************************
OBJECT-ALLOCATION SECTION
     Name               Module                 Addr   hSize   dSize     Ref    Section     RLIB
---------------------------------------------------------------------------------------------
MODULE:                 -- CTYPE.C.o (ansi.lib) --
- PROCEDURES:
     isdigit                                   80BA       D      13       1   .text       
     isspace                                   80C7      15      21       2   .text       
     toupper                                   80DC      22      34       2   .text       
- VARIABLES:
MODULE:                 -- RTSHC08.C.o (ansi.lib) --
- PROCEDURES:
     _PUSH_ARGS_L                              80FE      2D      45       2   .text       
     _ENTER_UNARY_L                            812B      2D      45       1   .text       
     _ENTER_BINARY_L                           8158      1E      30       4   .text       
     _ENTER_BINARY_L_LC                        8176      23      35       1   .text       
     _LADD_k_is_k_plus_j                       8199      1F      31       1   .text       
     _k_is_k_plus_j_l                          81B8      1E      30       2   .text       
     _k_is_k_plus_j_i                          81D6      12      18       3   .text       
     _LSUB_k_is_k_minus_j                      81E8      1F      31       1   .text       
     _LMUL_k_is_k_mul_j                        8207      81     129       1   .text       
     _LDIVMOD                                  8288      CA     202       2   .text       
     _LDIVU_k_is_k_div_j                       8352      1C      28       1   .text       
     _LCMP_k_rel_j                             836E      28      40       1   .text       
     _LNEG                                     8396      1C      28       1   .text       
     _LADD                                     83B2       6       6       1   .text       
     _LSUB_LC                                  83B8       6       6       1   .text       
     _LMUL                                     83BE       6       6       1   .text       
     _LDIVU                                    83C4       6       6       1   .text       
     _LCMP                                     83CA       6       6       1   .text       
     _COPY                                     83D0      30      48       4   .text       
     _POP32                                    8400      1A      26       2   .text       
     _SEXT16_32                                841A       D      13       4   .text       
     _Jump_Table_Header_Offset                 8427      24      36       2   .text       
- VARIABLES:
     errno                                       8A       2       2       4   .common     
MODULE:                 -- STDLIB.C.o (ansi.lib) --
- PROCEDURES:
     CheckCharWithBase                         844B      5F      95       2   .text       
     _strtoul                                  84AA     21C     540      20   .text       
     _strtol                                   86C6     16B     363       7   .text       
     strtol                                    8831      2F      47       3   .text       
- VARIABLES:
MODULE:                 -- cpu.c.o --
- PROCEDURES:
     Cpu_Interrupt                             8860       1       1      12   .text       
     Cpu_SWIInterrupt                          8861       6       6       1   .text       
     __low_level_init                          8867      7B     123       1   .text       
- VARIABLES:
     CCR_reg                                     8C       1       1       4   .common     
     Shadow_PTB                                  8D       1       1       5   .common     
MODULE:                 -- io_map.c.o --
- PROCEDURES:
- VARIABLES:
     _ADCLK                                      3E       1       1       0   .abs_section_3e
     _ADR                                        3D       1       1       0   .abs_section_3d
     _ADSCR                                      3C       1       1       0   .abs_section_3c
     _BRKH                                     FE09       1       1       0   .abs_section_fe09
     _BRKL                                     FE0D       1       1       0   .abs_section_fe0d
     _BRKSCR                                   FE0B       1       1       0   .abs_section_fe0b
     _CONFIG1                                    1F       1       1       1   .abs_section_1f
     _CONFIG2                                    1E       1       1       1   .abs_section_1e
     _COPCTL                               1000FFFF       1       1       0   .abs_section_1000ffff
     _DDRA                                        4       1       1       1   .abs_section_4
     _DDRB                                        5       1       1       1   .abs_section_5
     _DDRC                                        6       1       1       2   .abs_section_6
     _DDRD                                        7       1       1       2   .abs_section_7
     _DDRE                                        C       1       1       2   .abs_section_c
     _FLBPR                                    FF7E       1       1       0   .abs_section_ff7e
     _FLCR1                                    FE08       1       1       0   .abs_section_fe08
     _INT1                                     FE04       1       1       0   .abs_section_fe04
     _INT2                                     FE05       1       1       0   .abs_section_fe05
     _INT3                                     FE06       1       1       0   .abs_section_fe06
     _INTKBIER                                   1B       1       1       0   .abs_section_1b
     _INTKBSCR                                   1A       1       1       0   .abs_section_1a
     _INTSCR                                     1D       1       1       0   .abs_section_1d
     _LVISR                                    FE0C       1       1       0   .abs_section_fe0c
     _PBWC                                       37       1       1       2   .abs_section_37
     _PCTL                                       36       1       1       7   .abs_section_36
     _PMDS                                       3B       1       1       0   .abs_section_3b
     _PMRS                                       3A       1       1       1   .abs_section_3a
     _PMSH                                       38       1       1       0   .abs_section_38
     _PMSL                                       39       1       1       0   .abs_section_39
     _PTA                                         0       1       1      30   .abs_section_0
     _PTAPUE                                      D       1       1       1   .abs_section_d
     _PTB                                         1       1       1      32   .abs_section_1
     _PTC                                         2       1       1      13   .abs_section_2
     _PTCPUE                                      E       1       1       2   .abs_section_e
     _PTD                                         3       1       1       5   .abs_section_3
     _PTDPUE                                      F       1       1       2   .abs_section_f
     _PTE                                         8       1       1       1   .abs_section_8
     _SBFCR                                    FE03       1       1       0   .abs_section_fe03
     _SBSR                                     FE00       1       1       0   .abs_section_fe00
     _SCBR                                       19       1       1       4   .abs_section_19
     _SCC1                                       13       1       1       2   .abs_section_13
     _SCC2                                       14       1       1       5   .abs_section_14
     _SCC3                                       15       1       1       3   .abs_section_15
     _SCDR                                       18       1       1       3   .abs_section_18
     _SCS1                                       16       1       1       7   .abs_section_16
     _SCS2                                       17       1       1       1   .abs_section_17
     _SPCR                                       10       1       1       0   .abs_section_10
     _SPDR                                       12       1       1       0   .abs_section_12
     _SPSCR                                      11       1       1       0   .abs_section_11
     _SRSR                                     FE01       1       1       0   .abs_section_fe01
     _T1CNTH                                     21       1       1       0   .abs_section_21
     _T1CNTL                                     22       1       1       0   .abs_section_22
     _T1CH0H                                     26       1       1       1   .abs_section_26
     _T1CH0L                                     27       1       1       1   .abs_section_27
     _T1CH1H                                     29       1       1       0   .abs_section_29
     _T1CH1L                                     2A       1       1       0   .abs_section_2a
     _T1MODH                                     23       1       1       1   .abs_section_23
     _T1MODL                                     24       1       1       1   .abs_section_24
     _T1SC                                       20       1       1       7   .abs_section_20
     _T1SC0                                      25       1       1       2   .abs_section_25
     _T1SC1                                      28       1       1       0   .abs_section_28
     _T2CNTH                                     2C       1       1       0   .abs_section_2c
     _T2CNTL                                     2D       1       1       0   .abs_section_2d
     _T2CH0H                                     31       1       1       0   .abs_section_31
     _T2CH0L                                     32       1       1       0   .abs_section_32
     _T2CH1H                                     34       1       1       0   .abs_section_34
     _T2CH1L                                     35       1       1       0   .abs_section_35
     _T2MODH                                     2E       1       1       0   .abs_section_2e
     _T2MODL                                     2F       1       1       0   .abs_section_2f
     _T2SC                                       2B       1       1       0   .abs_section_2b
     _T2SC0                                      30       1       1       0   .abs_section_30
     _T2SC1                                      33       1       1       0   .abs_section_33
     _TBCR                                       1C       1       1       0   .abs_section_1c
     _BRK                                      FE0C       2       2       0   .abs_section_fe0c
     _PMS                                        38       2       2       1   .abs_section_38
     _T1CNT                                      21       2       2       0   .abs_section_21
     _T1CH0                                      26       2       2       0   .abs_section_26
     _T1CH1                                      29       2       2       0   .abs_section_29
     _T1MOD                                      23       2       2       0   .abs_section_23
     _T2CNT                                      2C       2       2       0   .abs_section_2c
     _T2CH0                                      31       2       2       0   .abs_section_31
     _T2CH1                                      34       2       2       0   .abs_section_34
     _T2MOD                                      2E       2       2       0   .abs_section_2e
MODULE:                 -- events.c.o --
- PROCEDURES:
     Cpu_OnSwINT                               88E2       1       1       1   .text       
     SERIE_OnError                             88E3       1       1       2   .text       
     SERIE_OnRxChar                            88E4       3       3       1   .text       
     SERIE_OnTxChar                            88E7       1       1       1   .text       
     SERIE_OnFullRxBuf                         88E8       1       1       1   .text       
     SERIE_OnFreeTxBuf                         88E9       1       1       1   .text       
     Timer_OnInterrupt                         88EA       3       3       1   .text       
- VARIABLES:
MODULE:                 -- ctrlcam.c.o --
- PROCEDURES:
     WriteDisplay                              88ED      18      24       3   .text       
     InicializaDisplay                         8905       C      12       2   .text       
     BitPos2Dec                                8911      23      35       2   .text       
     kbhit                                     8934      2C      44       2   .text       
     main                                      8960     124     292       9   .text       
     DoFunction                                8A84      6E     110       1   .text       
     OnRxChar                                  8AF2      E9     233       4   .text       
     OnTimer                                   8BDB       7       7       1   .text       
- VARIABLES:
     teclado                                   9027      10      16       1   .rodata     
     next_in                                     60       1       1       6   .bss        
     start.1                                     61       1       1       3   .bss        
     str.2                                       62       3       3       8   .bss        
     ValDisp                                     8E       1       1       2   .common     
     DisplayBuff                                 8F       3       3      10   .common     
     rsbuff                                      92       6       6       9   .common     
     strBuff                                     98       3       3       2   .common     
     tmp                                         9B       2       2       6   .common     
MODULE:                 -- vectors.c.o --
- PROCEDURES:
- VARIABLES:
     _vect                                     FFDC      24      36       0   .abs_section_ffdc
MODULE:                 -- start08.c.o --
- PROCEDURES:
     loadByte                                  8000      17      23       5   .init       
     Init                                      8017      75     117       1   .init       
     _Startup                                  808C      1D      29       1   .init       
- VARIABLES:
     _startupData                              80A9       9       9       9   .startData  
- LABELS:
     __SEG_END_SSTACK                           19E       0       0       1               
MODULE:                 -- led_val.c.o --
- PROCEDURES:
     LED_VAL_PutVal                            8BE2      11      17       2   .text       
- VARIABLES:
MODULE:                 -- serie.c.o --
- PROCEDURES:
     SERIE_HWEnDi                              8BF3       F      15       1   .text       
     SERIE_RecvChar                            8C02      9F     159       1   .text       
     SERIE_SendChar                            8CA1      52      82       1   .text       
     SERIE_GetCharsInRxBuf                     8CF3       7       7       1   .text       
     SERIE_InterruptRx                         8CFA      8B     139       1   .text       
     SERIE_InterruptTx                         8D85      81     129       1   .text       
     SERIE_InterruptError                      8E06      60      96       1   .text       
     SERIE_Init                                8E66      4C      76       1   .text       
- VARIABLES:
     SerFlag                                     65       2       2      23   .bss        
     ErrFlag                                     67       2       2       5   .bss        
     InpLen                                      69       2       2      12   .bss        
     InpPtrR                                     6B       2       2       7   .bss        
     InpPtrW                                     6D       2       2       7   .bss        
     InpBuffer                                   6F       A      10       8   .bss        
     OutLen                                      79       2       2       8   .bss        
     OutPtrR                                     7B       2       2       6   .bss        
     OutPtrW                                     7D       2       2       7   .bss        
     OutBuffer                                   7F       A      10       8   .bss        
MODULE:                 -- timer.c.o --
- PROCEDURES:
     SetCV                                     8EB2       9       9       1   .text       
     SetPV                                     8EBB      11      17       1   .text       
     HWEnDi                                    8ECC       D      13       3   .text       
     Timer_Enable                              8ED9       E      14       2   .text       
     Timer_Disable                             8EE7       D      13       3   .text       
     Timer_Init                                8EF4      16      22       1   .text       
     Timer_Interrupt                           8F0A       8       8       1   .text       
- VARIABLES:
     EnUser                                      89       1       1       6   .bss        
MODULE:                 -- teclado.c.o --
- PROCEDURES:
     ScanKeyboard                              8F12      C2     194       1   .text       
     Teclado_GetKeyCode                        8FD4      2E      46       1   .text       
     Teclado_Init                              9002       D      13       1   .text       
     Teclado_Enable                            900F       7       7       1   .text       
- VARIABLES:
     EnUser                                      9D       1       1       3   .common     
MODULE:                 -- seleccion.c.o --
- PROCEDURES:
     Seleccion_PutVal                          9016      11      17       2   .text       
- VARIABLES:

*********************************************************************************************
SECTION USE IN OBJECT-ALLOCATION SECTION
---------------------------------------------------------------------------------------------
SECTION: ".text"
  isdigit isspace toupper _PUSH_ARGS_L _ENTER_UNARY_L _ENTER_BINARY_L 
  _ENTER_BINARY_L_LC _LADD_k_is_k_plus_j _k_is_k_plus_j_l _k_is_k_plus_j_i 
  _LSUB_k_is_k_minus_j _LMUL_k_is_k_mul_j _LDIVMOD _LDIVU_k_is_k_div_j 
  _LCMP_k_rel_j _LNEG _LADD _LSUB_LC _LMUL _LDIVU _LCMP _COPY _POP32 _SEXT16_32 
  _Jump_Table_Header_Offset CheckCharWithBase _strtoul _strtol strtol 
  Cpu_Interrupt Cpu_SWIInterrupt __low_level_init Cpu_OnSwINT SERIE_OnError 
  SERIE_OnRxChar SERIE_OnTxChar SERIE_OnFullRxBuf SERIE_OnFreeTxBuf 
  Timer_OnInterrupt WriteDisplay InicializaDisplay BitPos2Dec kbhit main 
  DoFunction OnRxChar OnTimer LED_VAL_PutVal SERIE_HWEnDi SERIE_RecvChar 
  SERIE_SendChar SERIE_GetCharsInRxBuf SERIE_InterruptRx SERIE_InterruptTx 
  SERIE_InterruptError SERIE_Init SetCV SetPV HWEnDi Timer_Enable Timer_Disable 
  Timer_Init Timer_Interrupt ScanKeyboard Teclado_GetKeyCode Teclado_Init 
  Teclado_Enable Seleccion_PutVal 
SECTION: ".bss"
  next_in start.1 str.2 SerFlag ErrFlag InpLen InpPtrR InpPtrW InpBuffer 
  OutLen OutPtrR OutPtrW OutBuffer EnUser 
SECTION: ".init"
  loadByte Init _Startup 
SECTION: ".rodata"
  teclado 
SECTION: ".common"
  errno CCR_reg Shadow_PTB ValDisp DisplayBuff rsbuff strBuff tmp EnUser 
SECTION: ".abs_section_3e"
  _ADCLK 
SECTION: ".abs_section_3d"
  _ADR 
SECTION: ".abs_section_3c"
  _ADSCR 
SECTION: ".abs_section_fe09"
  _BRKH 
SECTION: ".abs_section_fe0d"
  _BRKL 
SECTION: ".abs_section_fe0b"
  _BRKSCR 
SECTION: ".abs_section_1f"
  _CONFIG1 
SECTION: ".abs_section_1e"
  _CONFIG2 
SECTION: ".abs_section_1000ffff"
  _COPCTL 
SECTION: ".abs_section_4"
  _DDRA 
SECTION: ".abs_section_5"
  _DDRB 
SECTION: ".abs_section_6"
  _DDRC 
SECTION: ".abs_section_7"
  _DDRD 
SECTION: ".abs_section_c"
  _DDRE 
SECTION: ".abs_section_ff7e"
  _FLBPR 
SECTION: ".abs_section_fe08"
  _FLCR1 
SECTION: ".abs_section_fe04"
  _INT1 
SECTION: ".abs_section_fe05"
  _INT2 
SECTION: ".abs_section_fe06"
  _INT3 
SECTION: ".abs_section_1b"
  _INTKBIER 
SECTION: ".abs_section_1a"
  _INTKBSCR 
SECTION: ".abs_section_1d"
  _INTSCR 
SECTION: ".abs_section_fe0c"
  _BRK _LVISR 
SECTION: ".abs_section_37"
  _PBWC 
SECTION: ".abs_section_36"
  _PCTL 
SECTION: ".abs_section_3b"
  _PMDS 
SECTION: ".abs_section_3a"
  _PMRS 
SECTION: ".abs_section_38"
  _PMS _PMSH 
SECTION: ".abs_section_39"
  _PMSL 
SECTION: ".abs_section_0"
  _PTA 
SECTION: ".abs_section_d"
  _PTAPUE 
SECTION: ".abs_section_1"
  _PTB 
SECTION: ".abs_section_2"
  _PTC 
SECTION: ".abs_section_e"
  _PTCPUE 
SECTION: ".abs_section_3"
  _PTD 
SECTION: ".abs_section_f"
  _PTDPUE 
SECTION: ".abs_section_8"
  _PTE 
SECTION: ".abs_section_fe03"
  _SBFCR 
SECTION: ".abs_section_fe00"
  _SBSR 
SECTION: ".abs_section_19"
  _SCBR 
SECTION: ".abs_section_13"
  _SCC1 
SECTION: ".abs_section_14"
  _SCC2 
SECTION: ".abs_section_15"
  _SCC3 
SECTION: ".abs_section_18"
  _SCDR 
SECTION: ".abs_section_16"
  _SCS1 
SECTION: ".abs_section_17"
  _SCS2 
SECTION: ".abs_section_10"
  _SPCR 
SECTION: ".abs_section_12"
  _SPDR 
SECTION: ".abs_section_11"
  _SPSCR 
SECTION: ".abs_section_fe01"
  _SRSR 
SECTION: ".abs_section_21"
  _T1CNT _T1CNTH 
SECTION: ".abs_section_22"
  _T1CNTL 
SECTION: ".abs_section_26"
  _T1CH0 _T1CH0H 
SECTION: ".abs_section_27"
  _T1CH0L 
SECTION: ".abs_section_29"
  _T1CH1 _T1CH1H 
SECTION: ".abs_section_2a"
  _T1CH1L 
SECTION: ".abs_section_23"
  _T1MOD _T1MODH 
SECTION: ".abs_section_24"
  _T1MODL 
SECTION: ".abs_section_20"
  _T1SC 
SECTION: ".abs_section_25"
  _T1SC0 
SECTION: ".abs_section_28"
  _T1SC1 
SECTION: ".abs_section_2c"
  _T2CNT _T2CNTH 
SECTION: ".abs_section_2d"
  _T2CNTL 
SECTION: ".abs_section_31"
  _T2CH0 _T2CH0H 
SECTION: ".abs_section_32"
  _T2CH0L 
SECTION: ".abs_section_34"
  _T2CH1 _T2CH1H 
SECTION: ".abs_section_35"
  _T2CH1L 
SECTION: ".abs_section_2e"
  _T2MOD _T2MODH 
SECTION: ".abs_section_2f"
  _T2MODL 
SECTION: ".abs_section_2b"
  _T2SC 
SECTION: ".abs_section_30"
  _T2SC0 
SECTION: ".abs_section_33"
  _T2SC1 
SECTION: ".abs_section_1c"
  _TBCR 
SECTION: ".abs_section_ffdc"
  _vect 

*********************************************************************************************
UNUSED-OBJECTS SECTION
---------------------------------------------------------------------------------------------
NOT USED PROCEDURES
CTYPE.C.o (ansi.lib):
  isalnum isalpha iscntrl isgraph islower isprint ispunct isupper isxdigit 
  tolower 
RTSHC08.C.o (ansi.lib):
  _PUSH_ARGS_D _ENTER_UNARY_L64 _ENTER_UNARY_L64_4 _ENTER_BINARY_L_RC 
  _ENTER_BINARY_L64 _ENTER_BINARY_L64_LC _ENTER_BINARY_L64_RC _IDIVMOD 
  _SPLITSIGN _LAND_k_is_k_and_j _LOR_k_is_k_or_j _LXOR_k_is_k_xor_j _NEG_L_HX 
  _ABS_L_HX _SPLITSIGN_L _LMODU_k_is_k_mod_j _LMODS_k_is_k_mod_j 
  _LDIVS_k_is_k_div_j _BMULS _BDIVS _BMODS _IMUL _IDIVS _IDIVU _IMODS _IMODU 
  _IDIVU_8 _IMODU_8 _IASR _ILSR _ILSL _ICMP _LINC _LDEC _LNOT _LADD_RC _LSUB 
  _LSUB_RC _LAND _LAND_RC _LOR _LOR_RC _LXOR _LXOR_RC _LMUL_RC _LDIVS _LDIVS_LC 
  _LDIVS_RC _LDIVU_LC _LDIVU_RC _LMODS _LMODS_LC _LMODS_RC _LMODU _LMODU_LC 
  _LMODU_RC _LASR _LLSR _LLSL _LCMP_RC _COPY_L _POP64 _STORE32 _STORE64 
  _SEXT8_32 _CALL _Jump_Table_Addr _Jump_Table_Offset _Jump_Table_Header_Addr 
  _Search_Table_16_Addr _Search_Table_16_Offset _Search_Table_8_Addr 
  _Search_Table_8_Offset _PUSH_CC _POP_CC F_CLRK F_CLRK_Unary F_NANK F_MAXK 
  F_MAXK_Unary F_TLK F_XGKL _UNPACK_k_to_K _UNPACK_k_to_K_Unary _UNPACK_j_to_L 
  _PACK_K_to_k _PACK_K_to_k_Unary F_NORMK _FADD_K_is_K_plus_L 
  _FMUL_K_is_K_times_L _FDIV_K_is_K_div_L _F_LONGK _F_FLOATK _FCMP_k_rel_j 
  _FADD_Common _FSUB_Common _FMUL_Common _FDIV_Common _FADD _FADD_RC _FSUB 
  _FSUB_RC _FSUB_LC _FMUL _FMUL_RC _FDIV _FDIV_RC _FDIV_LC _FSTRUNC _FUTRUNC 
  _FNEG _FABS _FCMP _FCMP_RC _FINC _FDEC _FSFLOAT _FUFLOAT D_TLK D_TLRes 
  D_TKRes D_XGKL D_CLRK D_CLRK_Unary D_NANK D_NANK_Unary D_MAXK D_MAXK_Unary 
  _DUNPACK_k_to_K _DUNPACK_k_to_K_Unary _DUNPACK_j_to_L _DPACK_K_to_k 
  _DPACK_K_to_k_Unary D_NORMK_Unary D_NORMK _DADD_K_is_K_plus_L 
  _DMUL_K_is_K_times_L _DDIV_K_is_K_div_L _DCMP_k_rel_j _D_FLOATK _D_LONGK 
  _D_FTODK _D_DTOFK _DADD_Common _DSUB_Common _DMUL_Common _DDIV_Common _DADD 
  _DADD_RC _DSUB _DSUB_RC _DSUB_LC _DMUL _DMUL_RC _DDIV _DDIV_LC _DDIV_RC _DCMP 
  _DCMP_RC _DINC _DDEC _DNEG _DABS _DSFLOAT _DUFLOAT _DSTRUNC _DUTRUNC _DSHORT 
  _DLONG 
STDLIB.C.o (ansi.lib):
  atexit getenv system mblen mbtowc wctomb mbstowcs wcstombs strtoul _strtod 
  strtod _itoa bsearch swap qsort div ldiv abs labs rand srand 
cpu.c.o:
  Cpu_GetSpeedMode 
events.c.o:
  Teclado_OnKeyDown Bean1_OnKeyDown 
led_val.c.o:
  LED_VAL_GetMsk LED_VAL_GetBit LED_VAL_PutBit LED_VAL_SetBit LED_VAL_ClrBit 
  LED_VAL_NegBit 
serie.c.o:
  SERIE_RecvBlock SERIE_SendBlock SERIE_ClearRxBuf SERIE_ClearTxBuf 
  SERIE_CharsInRxBuf SERIE_GetCharsInTxBuf SERIE_GetError 
teclado.c.o:
  Teclado_Disable 
seleccion.c.o:
  Seleccion_GetMsk Seleccion_GetBit Seleccion_PutBit Seleccion_SetBit 
  Seleccion_ClrBit Seleccion_NegBit 
NOT USED VARIABLES
CTYPE.C.o (ansi.lib):
  _ctype 
RTSHC08.C.o (ansi.lib):
  _PowOfTwo_8 _PowOfTwo_16 _PowOfTwo_32 plus1 minus1 plus1d minus1d 
STDLIB.C.o (ansi.lib):
  infinity seed channels 
cpu.c.o:
  CpuMode 
led_val.c.o:
  LED_VAL_Table 
seleccion.c.o:
  Seleccion_Table 

*********************************************************************************************
COPYDOWN SECTION
---------------------------------------------------------------------------------------------
------- ROM-ADDRESS: 0x9037 ---- SIZE       2 ---
Filling bytes inserted
 0000

*********************************************************************************************
OBJECT-DEPENDENCIES SECTION
---------------------------------------------------------------------------------------------
Init                      USES _startupData loadByte 
_Startup                  USES _startupData __SEG_END_SSTACK Init 
                                __low_level_init 
_ENTER_BINARY_L           USES _PUSH_ARGS_L 
_ENTER_BINARY_L_LC        USES _PUSH_ARGS_L 
_LMUL_k_is_k_mul_j        USES _k_is_k_plus_j_l _k_is_k_plus_j_i 
_LDIVMOD                  USES _LDIVMOD 
_LDIVU_k_is_k_div_j       USES _LDIVMOD 
_LNEG                     USES _ENTER_UNARY_L 
_LADD                     USES _ENTER_BINARY_L _LADD_k_is_k_plus_j 
_LSUB_LC                  USES _ENTER_BINARY_L_LC _LSUB_k_is_k_minus_j 
_LMUL                     USES _ENTER_BINARY_L _LMUL_k_is_k_mul_j 
_LDIVU                    USES _ENTER_BINARY_L _LDIVU_k_is_k_div_j 
_LCMP                     USES _ENTER_BINARY_L _LCMP_k_rel_j 
CheckCharWithBase         USES toupper 
_strtoul                  USES _strtoul isspace CheckCharWithBase _SEXT16_32 
                                _LSUB_LC _LDIVU _LCMP _LMUL _LADD _POP32 errno _COPY 
                                toupper 
_strtol                   USES _strtol isspace isdigit _strtoul _COPY errno 
                                _LNEG _POP32 
strtol                    USES _strtol _COPY 
Cpu_SWIInterrupt          USES Cpu_OnSwINT 
__low_level_init          USES _PTCPUE _PTC _DDRC _PTB _DDRB _PTDPUE _PTD 
                                _DDRD _PTAPUE _PTA _DDRA _CONFIG1 _CONFIG2 _PCTL 
                                _PMS _PMRS _PBWC _DDRE _PTE SERIE_Init Timer_Init 
                                Shadow_PTB Teclado_Init 
SERIE_OnRxChar            USES OnRxChar 
Timer_OnInterrupt         USES OnTimer 
WriteDisplay              USES _PTC LED_VAL_PutVal 
InicializaDisplay         USES DisplayBuff ValDisp WriteDisplay 
kbhit                     USES Teclado_GetKeyCode 
main                      USES InicializaDisplay Timer_Enable Teclado_Enable 
                                _PTD main kbhit Timer_Disable _PTC BitPos2Dec 
                                teclado _Jump_Table_Header_Offset Shadow_PTB _PTB 
                                DisplayBuff ValDisp WriteDisplay strBuff strtol tmp 
                                Seleccion_PutVal 
DoFunction                USES _PTC Timer_Disable _Jump_Table_Header_Offset 
                                _PTB Shadow_PTB 
OnRxChar                  USES OnRxChar SERIE_RecvChar SERIE_SendChar next_in 
                                rsbuff start.1 str.2 strtol tmp WriteDisplay 
                                Seleccion_PutVal DoFunction SERIE_GetCharsInRxBuf 
OnTimer                   USES _PTC 
LED_VAL_PutVal            USES _PTC 
SERIE_HWEnDi              USES _SCC1 _SCC2 _SCC3 
SERIE_RecvChar            USES InpLen CCR_reg InpPtrR InpBuffer SerFlag 
SERIE_SendChar            USES OutLen CCR_reg OutPtrW OutBuffer _SCC2 
SERIE_GetCharsInRxBuf     USES InpLen 
SERIE_InterruptRx         USES _SCS1 _SCDR InpLen InpPtrW InpBuffer SerFlag 
                                ErrFlag SERIE_OnError SERIE_OnRxChar SERIE_OnFullRxBuf 
SERIE_InterruptTx         USES SerFlag OutLen _SCS1 _SCDR OutPtrR OutBuffer 
                                _SCC2 ErrFlag SERIE_OnTxChar SERIE_OnFreeTxBuf 
SERIE_InterruptError      USES _SCS2 SerFlag _SCS1 _SCDR ErrFlag SERIE_OnError 
SERIE_Init                USES SerFlag _SCC1 InpLen InpBuffer InpPtrR InpPtrW 
                                OutLen OutBuffer OutPtrR OutPtrW _SCC3 _SCBR 
                                SERIE_HWEnDi 
SetCV                     USES _T1CH0H _T1MODH _T1CH0L _T1MODL 
SetPV                     USES _T1SC 
HWEnDi                    USES EnUser _T1SC 
Timer_Enable              USES EnUser HWEnDi 
Timer_Disable             USES EnUser HWEnDi 
Timer_Init                USES _T1SC _T1SC0 EnUser SetCV SetPV HWEnDi 
Timer_Interrupt           USES _T1SC0 Timer_OnInterrupt 
ScanKeyboard              USES _PTA 
Teclado_GetKeyCode        USES EnUser ScanKeyboard 
Teclado_Init              USES EnUser _PTA 
Teclado_Enable            USES EnUser 
Seleccion_PutVal          USES _PTD 
_vect                     USES Cpu_Interrupt SERIE_InterruptTx 
                                SERIE_InterruptRx SERIE_InterruptError Timer_Interrupt 
                                Cpu_SWIInterrupt _Startup 

*********************************************************************************************
DEPENDENCY TREE
*********************************************************************************************
 main and _Startup Group
 | 
 +- main                
 |  | 
 |  +- InicializaDisplay   
 |  |  | 
 |  |  +- WriteDisplay        
 |  |     | 
 |  |     +- LED_VAL_PutVal      
 |  |          
 |  +- Timer_Enable        
 |  |  | 
 |  |  +- HWEnDi              
 |  |       
 |  +- Teclado_Enable      
 |  |    
 |  +- kbhit               
 |  |  | 
 |  |  +- Teclado_GetKeyCode  
 |  |     | 
 |  |     +- ScanKeyboard        
 |  |          
 |  +- Timer_Disable       
 |  |  | 
 |  |  +- HWEnDi               (see above)
 |  |     
 |  +- BitPos2Dec          
 |  |    
 |  +- _Jump_Table_Header_Offset
 |  |    
 |  +- WriteDisplay         (see above)
 |  |  
 |  +- strtol              
 |  |  | 
 |  |  +- _strtol             
 |  |  |  | 
 |  |  |  +- isspace             
 |  |  |  |    
 |  |  |  +- isdigit             
 |  |  |  |    
 |  |  |  +- _strtoul            
 |  |  |  |  | 
 |  |  |  |  +- isspace              (see above)
 |  |  |  |  |  
 |  |  |  |  +- CheckCharWithBase   
 |  |  |  |  |  | 
 |  |  |  |  |  +- toupper             
 |  |  |  |  |       
 |  |  |  |  +- _SEXT16_32          
 |  |  |  |  |    
 |  |  |  |  +- _LSUB_LC            
 |  |  |  |  |  | 
 |  |  |  |  |  +- _ENTER_BINARY_L_LC  
 |  |  |  |  |  |  | 
 |  |  |  |  |  |  +- _PUSH_ARGS_L        
 |  |  |  |  |  |       
 |  |  |  |  |  +- _LSUB_k_is_k_minus_j
 |  |  |  |  |       
 |  |  |  |  +- _LDIVU              
 |  |  |  |  |  | 
 |  |  |  |  |  +- _ENTER_BINARY_L     
 |  |  |  |  |  |  | 
 |  |  |  |  |  |  +- _PUSH_ARGS_L         (see above)
 |  |  |  |  |  |     
 |  |  |  |  |  +- _LDIVU_k_is_k_div_j 
 |  |  |  |  |     | 
 |  |  |  |  |     +- _LDIVMOD            
 |  |  |  |  |          
 |  |  |  |  +- _LCMP               
 |  |  |  |  |  | 
 |  |  |  |  |  +- _ENTER_BINARY_L      (see above)
 |  |  |  |  |  |  
 |  |  |  |  |  +- _LCMP_k_rel_j       
 |  |  |  |  |       
 |  |  |  |  +- _LMUL               
 |  |  |  |  |  | 
 |  |  |  |  |  +- _ENTER_BINARY_L      (see above)
 |  |  |  |  |  |  
 |  |  |  |  |  +- _LMUL_k_is_k_mul_j  
 |  |  |  |  |     | 
 |  |  |  |  |     +- _k_is_k_plus_j_l    
 |  |  |  |  |     |    
 |  |  |  |  |     +- _k_is_k_plus_j_i    
 |  |  |  |  |          
 |  |  |  |  +- _LADD               
 |  |  |  |  |  | 
 |  |  |  |  |  +- _ENTER_BINARY_L      (see above)
 |  |  |  |  |  |  
 |  |  |  |  |  +- _LADD_k_is_k_plus_j 
 |  |  |  |  |       
 |  |  |  |  +- _POP32              
 |  |  |  |  |    
 |  |  |  |  +- _COPY               
 |  |  |  |  |    
 |  |  |  |  +- toupper              (see above)
 |  |  |  |     
 |  |  |  +- _COPY                (see above)
 |  |  |  |  
 |  |  |  +- _LNEG               
 |  |  |  |  | 
 |  |  |  |  +- _ENTER_UNARY_L      
 |  |  |  |       
 |  |  |  +- _POP32               (see above)
 |  |  |     
 |  |  +- _COPY                (see above)
 |  |     
 |  +- Seleccion_PutVal    
 |       
 +- _Startup            
    | 
    +- Init                
    |  | 
    |  +- loadByte            
    |       
    +- __low_level_init    
       | 
       +- SERIE_Init          
       |  | 
       |  +- SERIE_HWEnDi        
       |       
       +- Timer_Init          
       |  | 
       |  +- SetCV               
       |  |    
       |  +- SetPV               
       |  |    
       |  +- HWEnDi               (see above)
       |     
       +- Teclado_Init        
            
 _ADCLK              
   
 _ADR                
   
 _ADSCR              
   
 _BRKH               
   
 _BRKL               
   
 _BRKSCR             
   
 _CONFIG1            
   
 _CONFIG2            
   
 _COPCTL             
   
 _DDRA               
   
 _DDRB               
   
 _DDRC               
   
 _DDRD               
   
 _DDRE               
   
 _FLBPR              
   
 _FLCR1              
   
 _INT1               
   
 _INT2               
   
 _INT3               
   
 _INTKBIER           
   
 _INTKBSCR           
   
 _INTSCR             
   
 _LVISR              
   
 _BRK                
   
 _PBWC               
   
 _PCTL               
   
 _PMDS               
   
 _PMRS               
   
 _PMSH               
   
 _PMS                
   
 _PMSL               
   
 _PTA                
   
 _PTAPUE             
   
 _PTB                
   
 _PTC                
   
 _PTCPUE             
   
 _PTD                
   
 _PTDPUE             
   
 _PTE                
   
 _SBFCR              
   
 _SBSR               
   
 _SCBR               
   
 _SCC1               
   
 _SCC2               
   
 _SCC3               
   
 _SCDR               
   
 _SCS1               
   
 _SCS2               
   
 _SPCR               
   
 _SPDR               
   
 _SPSCR              
   
 _SRSR               
   
 _T1CNTH             
   
 _T1CNT              
   
 _T1CNTL             
   
 _T1CH0H             
   
 _T1CH0              
   
 _T1CH0L             
   
 _T1CH1H             
   
 _T1CH1              
   
 _T1CH1L             
   
 _T1MODH             
   
 _T1MOD              
   
 _T1MODL             
   
 _T1SC               
   
 _T1SC0              
   
 _T1SC1              
   
 _T2CNTH             
   
 _T2CNT              
   
 _T2CNTL             
   
 _T2CH0H             
   
 _T2CH0              
   
 _T2CH0L             
   
 _T2CH1H             
   
 _T2CH1              
   
 _T2CH1L             
   
 _T2MODH             
   
 _T2MOD              
   
 _T2MODL             
   
 _T2SC               
   
 _T2SC0              
   
 _T2SC1              
   
 _TBCR               
   
 _vect               
 | 
 +- Cpu_Interrupt       
 |    
 +- SERIE_InterruptTx   
 |  | 
 |  +- SERIE_OnTxChar      
 |  |    
 |  +- SERIE_OnFreeTxBuf   
 |       
 +- SERIE_InterruptRx   
 |  | 
 |  +- SERIE_OnError       
 |  |    
 |  +- SERIE_OnRxChar      
 |  |  | 
 |  |  +- OnRxChar            
 |  |     | 
 |  |     +- SERIE_RecvChar      
 |  |     |    
 |  |     +- SERIE_SendChar      
 |  |     |    
 |  |     +- strtol               (see above)
 |  |     |  
 |  |     +- WriteDisplay         (see above)
 |  |     |  
 |  |     +- Seleccion_PutVal     (see above)
 |  |     |  
 |  |     +- DoFunction          
 |  |     |  | 
 |  |     |  +- Timer_Disable        (see above)
 |  |     |  |  
 |  |     |  +- _Jump_Table_Header_Offset (see above)
 |  |     |     
 |  |     +- SERIE_GetCharsInRxBuf
 |  |          
 |  +- SERIE_OnFullRxBuf   
 |       
 +- SERIE_InterruptError
 |  | 
 |  +- SERIE_OnError        (see above)
 |     
 +- Timer_Interrupt     
 |  | 
 |  +- Timer_OnInterrupt   
 |     | 
 |     +- OnTimer             
 |          
 +- Cpu_SWIInterrupt    
 |  | 
 |  +- Cpu_OnSwINT         
 |       
 +- _Startup             (see above)
    
*********************************************************************************************
STATISTIC SECTION
---------------------------------------------------------------------------------------------

ExeFile:
--------
Number of blocks to be downloaded: 5
Total size of all blocks to be downloaded: 4189

